src/bin/obs_demo.rs:13:        let span = telemetry::make_info_span("swap", i, "obs_demo");
src/bin/obs_demo.rs:20:        tel.swap_latency_ms
src/bin/obs_demo.rs:21:            .record(elapsed_ms, &[KeyValue::new("op", "swap")]);
src/bin/obs_demo.rs:22:        tel.invariant_error_rel
src/bin/obs_demo.rs:23:            .record(0.001_f64, &[KeyValue::new("op", "swap")]);
src/telemetry.rs:25:    pub swap_latency_ms: Histogram<f64>,
src/telemetry.rs:26:    pub invariant_error_rel: Histogram<f64>,
src/telemetry.rs:32:        if self.shutdown_called.swap(true, Ordering::AcqRel) {
src/telemetry.rs:118:    let swap_latency_ms = meter
src/telemetry.rs:119:        .f64_histogram("swap_latency_ms")
src/telemetry.rs:121:        .with_description("Latency of swap operations in ms")
src/telemetry.rs:123:    let invariant_error_rel = meter
src/telemetry.rs:124:        .f64_histogram("invariant_error_rel")
src/telemetry.rs:126:        .with_description("Relative invariant error |Δk/k| per operation")
src/telemetry.rs:133:        swap_latency_ms,
src/telemetry.rs:134:        invariant_error_rel,
src/amm/guardrails.rs:20:pub fn checked_add(a: Wad, b: Wad) -> Result<Wad, AmmError> {
src/amm/guardrails.rs:21:    a.checked_add(b).ok_or(AmmError::Overflow)
src/amm/guardrails.rs:83:    fn t_checked_add_sub_over_under_flow() {
src/amm/guardrails.rs:84:        // add ok
src/amm/guardrails.rs:85:        assert_eq!(checked_add(1, 2).unwrap(), 3);
src/amm/guardrails.rs:86:        // add overflow
src/amm/guardrails.rs:87:        assert_eq!(checked_add(u128::MAX, 1).unwrap_err(), AmmError::Overflow);
src/amm/mod.rs:4:pub mod swap;          // CRD-7-04
src/amm/mod.rs:5:pub mod liquidity;     // CRD-7-05
src/amm/swap.rs:1://! Funções puras de swap (CPMM x·y=k), conforme ADR-0001/0002.
src/amm/swap.rs:2://! - get_amount_out: trocando X→Y com taxa sobre o input
src/amm/swap.rs:7:    checked_add, div_nearest_even_u256_to_u128, ensure_nonzero, ensure_reserves,
src/amm/swap.rs:13:pub(crate) fn ensure_fee_ppm(fee_ppm: Ppm) -> Result<(), AmmError> {
src/amm/swap.rs:14:    if fee_ppm > PPM_SCALE {
src/amm/swap.rs:27:fn fee_on_input_ceil(dx: Wad, fee_ppm: Ppm) -> Result<Wad, AmmError> {
src/amm/swap.rs:28:    if fee_ppm == 0 {
src/amm/swap.rs:31:    let n = U256::from(dx) * U256::from(fee_ppm as u64);
src/amm/swap.rs:33:    let fee_u256 = ceil_div_u256(n, d);
src/amm/swap.rs:34:    u256_to_u128_checked(fee_u256)
src/amm/swap.rs:39:/// - fee(input): ceil
src/amm/swap.rs:42:pub fn get_amount_out(x: Wad, y: Wad, dx: Wad, fee_ppm: Ppm) -> Result<Wad, AmmError> {
src/amm/swap.rs:45:    ensure_fee_ppm(fee_ppm)?;
src/amm/swap.rs:47:    // taxa sobre o input
src/amm/swap.rs:48:    let dx_fee = fee_on_input_ceil(dx, fee_ppm)?;
src/amm/swap.rs:49:    let dx_net = dx.checked_sub(dx_fee).ok_or(AmmError::Overflow)?;
src/amm/swap.rs:55:    let x1 = checked_add(x, dx_net)?;
src/amm/swap.rs:74:/// Calcula o **menor dx bruto** tal que `get_amount_out(x,y,dx,fee) ≥ dy`.
src/amm/swap.rs:79:/// 2) dx_gross_guess = ceil( dx_net * 1e6 / (1e6 - fee_ppm) )
src/amm/swap.rs:82:pub fn get_amount_in(x: Wad, y: Wad, dy: Wad, fee_ppm: Ppm) -> Result<Wad, AmmError> {
src/amm/swap.rs:85:    ensure_fee_ppm(fee_ppm)?;
src/amm/swap.rs:98:    // dx_gross = ceil( dx_net * 1e6 / (1e6 - fee) )
src/amm/swap.rs:100:        .checked_sub(fee_ppm as u64)
src/amm/swap.rs:116:        match get_amount_out(x, y, hi, fee_ppm) {
src/amm/swap.rs:143:        match get_amount_out(x, y, mid, fee_ppm) {
src/amm/swap.rs:161:    let out_hi = get_amount_out(x, y, hi, fee_ppm)?;
src/amm/swap.rs:181:        fee_ppm: Ppm,
src/amm/swap.rs:194:            let out_hi = super::get_amount_out(x, y, hi, fee_ppm).unwrap_or(0);
src/amm/swap.rs:208:            let out_mid = super::get_amount_out(x, y, mid, fee_ppm).unwrap_or(0);
src/amm/swap.rs:224:    fn t_fee_above_scale_rejected() {
src/amm/swap.rs:234:    fn t_out_symmetric_no_fee() {
src/amm/swap.rs:251:    fn t_out_symmetric_with_fee() {
src/amm/swap.rs:255:        let dx_fee = super::fee_on_input_ceil(dx, FEE3).unwrap();
src/amm/swap.rs:256:        let x1 = x + (dx - dx_fee);
src/amm/swap.rs:265:    fn t_in_for_target_out_with_fee_minimal() {
src/amm/swap.rs:278:    fn t_out_asymmetric_no_fee() {
src/amm/swap.rs:297:    fn t_dx_net_zero_due_fee_rejected() {
src/amm/swap.rs:298:        // dx=1 wei e fee>0 ⇒ fee=1 ⇒ dx_net=0
src/amm/swap.rs:351:    fn t_fee_overflow_guarded() {
src/amm/swap.rs:373:        let fee = PPM_SCALE - 1;
src/amm/swap.rs:374:        let err = get_amount_in(x, y, dy, fee).unwrap_err();
src/amm/swap.rs:383:        let fee = FEE3;
src/amm/swap.rs:388:        let out_safe = get_amount_out(x, y, safe_hi, fee).unwrap();
src/amm/swap.rs:391:        let err_overshoot = get_amount_out(x, y, overshoot_hi, fee).unwrap_err();
src/amm/swap.rs:394:        let legacy_err = legacy_get_amount_in_with_hi(x, y, dy, fee, safe_hi).unwrap_err();
src/amm/swap.rs:397:        let dx = get_amount_in(x, y, dy, fee).unwrap();
src/amm/swap.rs:400:        let out_prev = get_amount_out(x, y, dx - 1, fee).unwrap_or(0);
src/amm/swap.rs:403:        let out = get_amount_out(x, y, dx, fee).unwrap();
src/amm/swap.rs:406:        let err_double = get_amount_out(x, y, dx * 2, fee).unwrap_err();
src/amm/pricing.rs:1://! Utilitários para UI/roteadores: spot price, preço de execução, slippage e cotações.
src/amm/pricing.rs:2://! Baseados nos ADRs 0001/0002 e nas funções puras de `swap.rs`.
src/amm/pricing.rs:8:use super::swap::{ensure_fee_ppm, get_amount_in, get_amount_out};
src/amm/pricing.rs:17:// --------- Spot price ---------
src/amm/pricing.rs:19:pub fn spot_price_x_in_y(x: Wad, y: Wad) -> Result<Wad, AmmError> {
src/amm/pricing.rs:26:pub fn spot_price_y_in_x(x: Wad, y: Wad) -> Result<Wad, AmmError> {
src/amm/pricing.rs:32:// --------- Execução e slippage ---------
src/amm/pricing.rs:33:/// Preço efetivo (execução) da troca X→Y para um `dx` **bruto** (inclui taxa): **p_exec = out/dx** (em WAD)
src/amm/pricing.rs:34:pub fn execution_price_x_to_y(x: Wad, y: Wad, dx: Wad, fee_ppm: Ppm) -> Result<Wad, AmmError> {
src/amm/pricing.rs:37:    ensure_fee_ppm(fee_ppm)?;
src/amm/pricing.rs:38:    let out = get_amount_out(x, y, dx, fee_ppm)?;
src/amm/pricing.rs:44:/// slippage_ppm = ((spot - p_exec) / spot) * 1e6
src/amm/pricing.rs:45:pub fn slippage_ppm_x_to_y(x: Wad, y: Wad, dx: Wad, fee_ppm: Ppm) -> Result<Ppm, AmmError> {
src/amm/pricing.rs:46:    ensure_fee_ppm(fee_ppm)?;
src/amm/pricing.rs:47:    let spot = spot_price_x_in_y(x, y)?; // WAD
src/amm/pricing.rs:48:    let exec = execution_price_x_to_y(x, y, dx, fee_ppm)?; // WAD
src/amm/pricing.rs:67:// --------- Cotas com tolerância de slippage ---------
src/amm/pricing.rs:68:/// Retorna **min_out** aceito pela UI para X→Y considerando `slippage_tolerance_ppm` (0..1e6)
src/amm/pricing.rs:74:    fee_ppm: Ppm,
src/amm/pricing.rs:75:    slippage_tolerance_ppm: Ppm,
src/amm/pricing.rs:77:    ensure_fee_ppm(fee_ppm)?;
src/amm/pricing.rs:78:    let out = get_amount_out(x, y, dx, fee_ppm)?;
src/amm/pricing.rs:79:    let tol = if slippage_tolerance_ppm > PPM_SCALE {
src/amm/pricing.rs:82:        slippage_tolerance_ppm
src/amm/pricing.rs:91:/// Retorna **max_in** aceito pela UI para atingir `dy` com tolerância `slippage_tolerance_ppm` (0..1e6)
src/amm/pricing.rs:97:    fee_ppm: Ppm,
src/amm/pricing.rs:98:    slippage_tolerance_ppm: Ppm,
src/amm/pricing.rs:100:    ensure_fee_ppm(fee_ppm)?;
src/amm/pricing.rs:101:    let dx = get_amount_in(x, y, dy, fee_ppm)?;
src/amm/pricing.rs:102:    let tol = if slippage_tolerance_ppm > PPM_SCALE {
src/amm/pricing.rs:105:        slippage_tolerance_ppm
src/amm/pricing.rs:128:    fn t_invalid_fee_rejected() {
src/amm/pricing.rs:133:        let err_exec = execution_price_x_to_y(x, y, dx, FEE_INVALID).unwrap_err();
src/amm/pricing.rs:136:        let err_slippage = slippage_ppm_x_to_y(x, y, dx, FEE_INVALID).unwrap_err();
src/amm/pricing.rs:137:        assert_eq!(err_slippage, AmmError::InvalidFee);
src/amm/pricing.rs:147:    fn t_spot_prices_basic() {
src/amm/pricing.rs:149:        let p_xy = spot_price_x_in_y(x, y).unwrap(); // 2.0
src/amm/pricing.rs:150:        let p_yx = spot_price_y_in_x(x, y).unwrap(); // 0.5
src/amm/pricing.rs:156:    fn t_slippage_no_fee_vs_fee() {
src/amm/pricing.rs:158:        let s0 = slippage_ppm_x_to_y(x, y, dx, FEE0).unwrap();
src/amm/pricing.rs:159:        let s3 = slippage_ppm_x_to_y(x, y, dx, FEE3).unwrap();
src/amm/pricing.rs:213:    fn t_exec_price_matches_ratio_out_over_dx() {
src/amm/pricing.rs:216:        let p_exec = execution_price_x_to_y(x, y, dx, FEE0).unwrap();
src/amm/pricing.rs:225:        assert!(spot_price_x_in_y(0, MIN_RESERVE).is_err());
src/amm/pricing.rs:227:        assert!(execution_price_x_to_y(MIN_RESERVE, MIN_RESERVE, 0, FEE0).is_err());
src/amm/pricing.rs:231:    fn t_slippage_tolerance_scaling_overflow() {
src/amm/liquidity.rs:1://! Liquidez (CPMM): mint inicial, add e remove de shares.
src/amm/liquidity.rs:3://! - shares_mint: floor
src/amm/liquidity.rs:4://! - amounts_out em burn: floor
src/amm/liquidity.rs:9:    checked_add, checked_sub, mul_u128_to_u256, u256_to_u128_checked,
src/amm/liquidity.rs:33:pub fn initial_mint(x: Wad, y: Wad) -> Result<Wad, AmmError> {
src/amm/liquidity.rs:42:/// Mint em pool existente (proporcional). Retorna **shares mintados** (floor).
src/amm/liquidity.rs:44:pub fn add_liquidity(x: Wad, y: Wad, dx: Wad, dy: Wad, total_shares: Wad) -> Result<Wad, AmmError> {
src/amm/liquidity.rs:53:    let mint = if sx < sy { sx } else { sy };
src/amm/liquidity.rs:54:    let shares = u256_to_u128_checked(mint)?;
src/amm/liquidity.rs:58:    let _x1 = checked_add(x, dx)?;
src/amm/liquidity.rs:59:    let _y1 = checked_add(y, dy)?;
src/amm/liquidity.rs:64:/// Fórmulas: `x_out = floor(x * burn / S)`, idem para `y`.
src/amm/liquidity.rs:66:pub fn remove_liquidity(x: Wad, y: Wad, burn_shares: Wad, total_shares: Wad) -> Result<(Wad, Wad), AmmError> {
src/amm/liquidity.rs:68:    ensure_nonzero(burn_shares)?;
src/amm/liquidity.rs:70:    if burn_shares > total_shares { return Err(AmmError::Overflow); }
src/amm/liquidity.rs:72:    let bx = (U256::from(x) * U256::from(burn_shares)) / U256::from(total_shares);
src/amm/liquidity.rs:73:    let by = (U256::from(y) * U256::from(burn_shares)) / U256::from(total_shares);
src/amm/liquidity.rs:95:    fn t_initial_mint_symmetrical() {
src/amm/liquidity.rs:97:        let s = initial_mint(x, y).unwrap();
src/amm/liquidity.rs:102:    fn t_initial_mint_min_reserve_guard() {
src/amm/liquidity.rs:104:        let err = initial_mint(x, y).unwrap_err();
src/amm/liquidity.rs:109:    fn t_add_liquidity_proportional_sym() {
src/amm/liquidity.rs:112:        let mint = add_liquidity(x, y, dx, dy, s).unwrap();
src/amm/liquidity.rs:113:        assert_eq!(mint, 100_000u128*WAD);
src/amm/liquidity.rs:117:    fn t_add_liquidity_min_by_y() {
src/amm/liquidity.rs:120:        let mint = add_liquidity(x, y, dx, dy, s).unwrap();
src/amm/liquidity.rs:121:        assert_eq!(mint, 100_000u128*WAD);
src/amm/liquidity.rs:125:    fn t_add_liquidity_too_small() {
src/amm/liquidity.rs:129:        let err = add_liquidity(x, y, dx, dy, s).unwrap_err();
src/amm/liquidity.rs:134:    fn t_remove_liquidity_10_percent() {
src/amm/liquidity.rs:136:        let burn = 100_000u128*WAD; // 10%
src/amm/liquidity.rs:137:        let (xo, yo) = remove_liquidity(x, y, burn, s).unwrap();
src/amm/liquidity.rs:144:    fn t_remove_liquidity_burn_too_big() {
src/amm/liquidity.rs:146:        let err = remove_liquidity(x, y, s + 1, s).unwrap_err();
src/amm/liquidity.rs:151:    fn t_remove_liquidity_zero_burn() {
src/amm/liquidity.rs:152:        let err = remove_liquidity(1_000_000u128*WAD, 1_000_000u128*WAD, 0, 1_000_000u128*WAD).unwrap_err();
src/amm/liquidity.rs:157:    fn t_remove_liquidity_min_reserve_guard() {
src/amm/liquidity.rs:159:        let err = remove_liquidity(x, y, 999_999u128*WAD, s).unwrap_err();
src/amm/liquidity.rs:170:    fn t_initial_mint_near_u256_limit() {
src/amm/liquidity.rs:173:        let shares = initial_mint(x, y).unwrap();
src/amm/liquidity.rs:178:    fn t_initial_mint_u128_max_square() {
src/amm/liquidity.rs:181:        let shares = initial_mint(x, y).unwrap();
