src/amm/guardrails.rs:20:pub fn checked_add(a: Wad, b: Wad) -> Result<Wad, AmmError> {
src/amm/guardrails.rs:21:    a.checked_add(b).ok_or(AmmError::Overflow)
src/amm/guardrails.rs:25:pub fn checked_sub(a: Wad, b: Wad) -> Result<Wad, AmmError> {
src/amm/guardrails.rs:26:    a.checked_sub(b).ok_or(AmmError::Overflow)
src/amm/guardrails.rs:44:    let d_minus_r = d - r; // evita overflow ao comparar 2*r com d
src/amm/guardrails.rs:51:/// Versão que retorna u128 (com checagem de overflow no downcast)
src/amm/guardrails.rs:83:    fn t_checked_add_sub_over_under_flow() {
src/amm/guardrails.rs:85:        assert_eq!(checked_add(1, 2).unwrap(), 3);
src/amm/guardrails.rs:86:        // add overflow
src/amm/guardrails.rs:87:        assert_eq!(checked_add(u128::MAX, 1).unwrap_err(), AmmError::Overflow);
src/amm/guardrails.rs:89:        assert_eq!(checked_sub(5, 3).unwrap(), 2);
src/amm/guardrails.rs:90:        // sub underflow
src/amm/guardrails.rs:91:        assert_eq!(checked_sub(0, 1).unwrap_err(), AmmError::Overflow);
src/amm/guardrails.rs:113:        // resto quase igual ao divisor (max-1), precisa arredondar para cima sem overflow
src/amm/swap.rs:7:    checked_add, div_nearest_even_u256_to_u128, ensure_nonzero, ensure_reserves,
src/amm/swap.rs:49:    let dx_net = dx.checked_sub(dx_fee).ok_or(AmmError::Overflow)?;
src/amm/swap.rs:55:    let x1 = checked_add(x, dx_net)?;
src/amm/swap.rs:62:    let out = y.checked_sub(y_star).ok_or(AmmError::Overflow)?;
src/amm/swap.rs:66:    let y1 = y.checked_sub(out).ok_or(AmmError::Overflow)?;
src/amm/swap.rs:88:    if dy > y.checked_sub(MIN_RESERVE).ok_or(AmmError::Overflow)? {
src/amm/swap.rs:95:    let den = U256::from(y.checked_sub(dy).ok_or(AmmError::Overflow)?);
src/amm/swap.rs:100:        .checked_sub(fee_ppm as u64)
src/amm/swap.rs:122:                hi = hi.checked_mul(2).ok_or(AmmError::Overflow)?;
src/amm/swap.rs:126:                hi = hi.checked_mul(2).ok_or(AmmError::Overflow)?;
src/amm/swap.rs:187:        if dy >= y.checked_sub(MIN_RESERVE).ok_or(AmmError::Overflow)? {
src/amm/swap.rs:198:            hi = hi.checked_mul(2).ok_or(AmmError::Overflow)?;
src/amm/swap.rs:351:    fn t_fee_overflow_guarded() {
src/amm/swap.rs:360:    fn t_dx_net_overflow_errors() {
src/amm/swap.rs:369:    fn t_hi_overflow_errors() {
src/amm/pricing.rs:204:    fn t_max_in_with_tolerance_overflow() {
src/amm/pricing.rs:231:    fn t_slippage_tolerance_scaling_overflow() {
src/amm/liquidity.rs:5://! - validações via guardrails (mínimos/overflow)
src/amm/liquidity.rs:9:    checked_add, checked_sub, mul_u128_to_u256, u256_to_u128_checked,
src/amm/liquidity.rs:15:fn isqrt_u256(n: U256) -> U256 {
src/amm/liquidity.rs:31:/// Mint **inicial** de shares: `floor(sqrt(x*y))`.
src/amm/liquidity.rs:36:    let s = isqrt_u256(k);
src/amm/liquidity.rs:58:    let _x1 = checked_add(x, dx)?;
src/amm/liquidity.rs:59:    let _y1 = checked_add(y, dy)?;
src/amm/liquidity.rs:78:    let x1 = checked_sub(x, x_out)?;
src/amm/liquidity.rs:79:    let y1 = checked_sub(y, y_out)?;
src/amm/liquidity.rs:164:    fn t_isqrt_u256_handles_max_range() {
src/amm/liquidity.rs:165:        let sqrt = isqrt_u256(U256::MAX);
src/amm/liquidity.rs:166:        assert_eq!(sqrt, U256::from(u128::MAX));
src/amm/errors.rs:95:        message: "Numerical overflow or underflow detected.",
