   Compiling proc-macro2 v1.0.101
   Compiling unicode-ident v1.0.19
   Compiling libc v0.2.175
    Checking memchr v2.7.5
    Checking pin-project-lite v0.2.16
    Checking cfg-if v1.0.3
    Checking futures-core v0.3.31
    Checking once_cell v1.21.3
    Checking itoa v1.0.15
    Checking stable_deref_trait v1.2.0
   Compiling serde_core v1.0.222
    Checking futures-sink v0.3.31
   Compiling getrandom v0.3.3
    Checking fnv v1.0.7
   Compiling quote v1.0.40
    Checking socket2 v0.6.0
   Compiling syn v2.0.106
    Checking mio v1.0.4
    Checking tracing-core v0.1.34
    Checking bytes v1.10.1
    Checking pin-utils v0.1.0
    Checking futures-io v0.3.31
    Checking percent-encoding v2.3.2
    Checking smallvec v1.15.1
    Checking slab v0.4.11
    Checking futures-task v0.3.31
    Checking http v1.3.1
   Compiling zerocopy v0.8.27
   Compiling serde v1.0.222
    Checking litemap v0.8.0
    Checking writeable v0.6.1
    Checking ryu v1.0.20
    Checking http-body v1.0.1
   Compiling icu_properties_data v2.0.1
   Compiling icu_normalizer_data v2.0.0
    Checking rand_core v0.9.3
    Checking futures-channel v0.3.31
   Compiling thiserror v2.0.16
    Checking bitflags v2.9.4
   Compiling anyhow v1.0.99
   Compiling serde_json v1.0.145
    Checking tower-service v0.3.3
    Checking tower-layer v0.3.3
   Compiling synstructure v0.13.2
    Checking regex-syntax v0.8.6
    Checking ppv-lite86 v0.2.21
   Compiling httparse v1.10.1
    Checking rand_chacha v0.9.0
    Checking aho-corasick v1.1.3
   Compiling zerofrom-derive v0.1.6
   Compiling yoke-derive v0.8.0
   Compiling zerovec-derive v0.11.1
   Compiling displaydoc v0.2.5
   Compiling tokio-macros v2.5.0
   Compiling tracing-attributes v0.1.30
   Compiling futures-macro v0.3.31
    Checking zerofrom v0.1.6
    Checking yoke v0.8.0
    Checking zerovec v0.11.4
    Checking tokio v1.47.1
    Checking futures-util v0.3.31
    Checking tinystr v0.8.1
    Checking icu_locale_core v2.0.0
    Checking tracing v0.1.41
    Checking potential_utf v0.1.3
    Checking zerotrie v0.2.2
   Compiling serde_derive v1.0.222
    Checking icu_provider v2.0.0
    Checking icu_collections v2.0.0
   Compiling thiserror-impl v2.0.16
    Checking icu_normalizer v2.0.0
    Checking icu_properties v2.0.1
   Compiling either v1.15.0
    Checking try-lock v0.2.5
    Checking base64 v0.22.1
    Checking log v0.4.28
    Checking want v0.3.1
   Compiling itertools v0.10.5
    Checking idna_adapter v1.2.1
    Checking opentelemetry v0.29.1
    Checking tokio-stream v0.1.17
    Checking regex-automata v0.4.10
    Checking rand v0.9.2
    Checking http-body-util v0.1.3
    Checking form_urlencoded v1.2.2
    Checking sync_wrapper v1.0.2
    Checking atomic-waker v1.1.2
    Checking utf8_iter v1.0.4
    Checking tower v0.5.2
    Checking hyper v1.7.0
    Checking idna v1.1.0
   Compiling prost-derive v0.13.5
    Checking futures-executor v0.3.31
   Compiling pin-project-internal v1.1.10
   Compiling async-trait v0.1.89
    Checking glob v0.3.3
    Checking iri-string v0.7.8
    Checking lazy_static v1.5.0
    Checking ipnet v2.11.0
    Checking pin-project v1.1.10
    Checking opentelemetry_sdk v0.29.0
    Checking hyper-util v0.1.17
    Checking prost v0.13.5
    Checking tower-http v0.6.6
    Checking url v2.5.7
    Checking serde_urlencoded v0.7.1
   Compiling rustix v1.1.2
   Compiling autocfg v1.5.0
   Compiling crunchy v0.2.4
   Compiling num-traits v0.2.19
    Checking reqwest v0.12.23
    Checking tonic v0.12.3
    Checking sharded-slab v0.1.7
    Checking matchers v0.2.0
    Checking tracing-log v0.2.0
    Checking thread_local v1.1.9
    Checking linux-raw-sys v0.11.0
    Checking nu-ansi-term v0.50.1
    Checking opentelemetry-http v0.29.0
    Checking opentelemetry-proto v0.29.0
    Checking tracing-subscriber v0.3.20
    Checking half v2.6.0
    Checking static_assertions v1.1.0
    Checking fastrand v2.3.0
    Checking hex v0.4.3
    Checking clap_lex v0.7.5
    Checking anstyle v1.0.11
    Checking ciborium-io v0.2.2
    Checking byteorder v1.5.0
    Checking tracing-opentelemetry v0.30.0
    Checking uint v0.9.5
    Checking clap_builder v4.5.47
    Checking ciborium-ll v0.2.2
    Checking tempfile v3.22.0
    Checking opentelemetry-otlp v0.29.0
    Checking wait-timeout v0.2.1
    Checking quick-error v1.2.3
    Checking cast v0.3.0
    Checking same-file v1.0.6
    Checking bit-vec v0.8.0
    Checking walkdir v2.5.0
    Checking criterion-plot v0.5.0
    Checking bit-set v0.8.0
    Checking rusty-fork v0.3.0
    Checking clap v4.5.47
    Checking ciborium v0.2.2
    Checking regex v1.11.2
    Checking tinytemplate v1.2.1
    Checking rand_xorshift v0.4.0
    Checking is-terminal v0.4.16
    Checking oorandom v11.1.5
    Checking unarray v0.1.4
    Checking anes v0.1.6
    Checking credit-engine-core v0.1.0 (/workspace/trendmarket)
    Checking proptest v1.7.0
    Checking criterion v0.5.1
    Finished `dev` profile [unoptimized + debuginfo] target(s) in 37.53s
