   Compiling serde_core v1.0.222
   Compiling serde v1.0.222
   Compiling bitflags v2.9.4
   Compiling regex-syntax v0.8.6
   Compiling aho-corasick v1.1.3
   Compiling tower-http v0.6.6
   Compiling autocfg v1.5.0
   Compiling regex-automata v0.4.10
   Compiling serde_json v1.0.145
   Compiling opentelemetry_sdk v0.29.0
   Compiling url v2.5.7
   Compiling serde_urlencoded v0.7.1
   Compiling rustix v1.1.2
   Compiling reqwest v0.12.23
   Compiling matchers v0.2.0
   Compiling num-traits v0.2.19
   Compiling linux-raw-sys v0.11.0
   Compiling opentelemetry-http v0.29.0
   Compiling tracing-subscriber v0.3.20
   Compiling opentelemetry-proto v0.29.0
   Compiling half v2.6.0
   Compiling ciborium-io v0.2.2
   Compiling clap_lex v0.7.5
   Compiling fastrand v2.3.0
   Compiling anstyle v1.0.11
   Compiling either v1.15.0
   Compiling clap_builder v4.5.47
   Compiling tempfile v3.22.0
   Compiling itertools v0.10.5
   Compiling ciborium-ll v0.2.2
   Compiling opentelemetry-otlp v0.29.0
   Compiling tracing-opentelemetry v0.30.0
   Compiling wait-timeout v0.2.1
   Compiling quick-error v1.2.3
   Compiling same-file v1.0.6
   Compiling bit-vec v0.8.0
   Compiling cast v0.3.0
   Compiling bit-set v0.8.0
   Compiling criterion-plot v0.5.0
   Compiling walkdir v2.5.0
   Compiling rusty-fork v0.3.0
   Compiling clap v4.5.47
   Compiling ciborium v0.2.2
   Compiling regex v1.11.2
   Compiling tinytemplate v1.2.1
   Compiling rand_xorshift v0.4.0
   Compiling is-terminal v0.4.16
   Compiling unarray v0.1.4
   Compiling oorandom v11.1.5
   Compiling anes v0.1.6
   Compiling proptest v1.7.0
   Compiling criterion v0.5.1
   Compiling credit-engine-core v0.1.0 (/workspace/trendmarket)
    Finished `bench` profile [optimized] target(s) in 1m 12s
     Running unittests src/lib.rs (target/release/deps/credit_engine_core-f288e58bd646d2f5)

running 43 tests
test amm::guardrails::tests::t_checked_add_sub_over_under_flow ... ignored
test amm::guardrails::tests::t_ensure_nonzero ... ignored
test amm::guardrails::tests::t_ensure_reserves ... ignored
test amm::guardrails::tests::t_u256_div_nearest_even_extreme_values ... ignored
test amm::guardrails::tests::t_u256_div_nearest_even_rounding ... ignored
test amm::liquidity::tests::t_add_liquidity_min_by_y ... ignored
test amm::liquidity::tests::t_add_liquidity_proportional_sym ... ignored
test amm::liquidity::tests::t_add_liquidity_too_small ... ignored
test amm::liquidity::tests::t_initial_mint_min_reserve_guard ... ignored
test amm::liquidity::tests::t_initial_mint_near_u256_limit ... ignored
test amm::liquidity::tests::t_initial_mint_symmetrical ... ignored
test amm::liquidity::tests::t_initial_mint_u128_max_square ... ignored
test amm::liquidity::tests::t_isqrt_u256_handles_max_range ... ignored
test amm::liquidity::tests::t_remove_liquidity_10_percent ... ignored
test amm::liquidity::tests::t_remove_liquidity_burn_too_big ... ignored
test amm::liquidity::tests::t_remove_liquidity_min_reserve_guard ... ignored
test amm::liquidity::tests::t_remove_liquidity_zero_burn ... ignored
test amm::pricing::tests::t_exec_price_matches_ratio_out_over_dx ... ignored
test amm::pricing::tests::t_invalid_fee_rejected ... ignored
test amm::pricing::tests::t_max_in_with_tolerance ... ignored
test amm::pricing::tests::t_max_in_with_tolerance_overflow ... ignored
test amm::pricing::tests::t_min_out_with_tolerance ... ignored
test amm::pricing::tests::t_safety_invalid_inputs ... ignored
test amm::pricing::tests::t_slippage_no_fee_vs_fee ... ignored
test amm::pricing::tests::t_slippage_tolerance_scaling_overflow ... ignored
test amm::pricing::tests::t_spot_prices_basic ... ignored
test amm::swap::tests::t_dx_net_overflow_errors ... ignored
test amm::swap::tests::t_dx_net_zero_due_fee_rejected ... ignored
test amm::swap::tests::t_dx_tiny_due_rounding_rejected ... ignored
test amm::swap::tests::t_dx_zero_rejected ... ignored
test amm::swap::tests::t_dy_equal_min_reserve_allowed ... ignored
test amm::swap::tests::t_dy_too_large_rejected ... ignored
test amm::swap::tests::t_fee_above_scale_rejected ... ignored
test amm::swap::tests::t_fee_overflow_guarded ... ignored
test amm::swap::tests::t_hi_overflow_errors ... ignored
test amm::swap::tests::t_in_for_target_out_with_fee_minimal ... ignored
test amm::swap::tests::t_out_asymmetric_no_fee ... ignored
test amm::swap::tests::t_out_symmetric_no_fee ... ignored
test amm::swap::tests::t_out_symmetric_with_fee ... ignored
test amm::swap::tests::t_small_values_min_reserve_guard ... ignored
test amm::swap::tests::t_tight_pool_min_reserve_regression ... ignored
test amm::swap::tests::t_zero_reserve_rejected ... ignored
test telemetry::tests::trace_context_propagator_injects_and_extracts_after_init ... ignored

test result: ok. 0 passed; 0 failed; 43 ignored; 0 measured; 0 filtered out; finished in 0.00s

     Running unittests src/bin/obs_demo.rs (target/release/deps/obs_demo-12c7cef68f0719fb)

running 0 tests

test result: ok. 0 passed; 0 failed; 0 ignored; 0 measured; 0 filtered out; finished in 0.00s

     Running benches/bench_liquidity.rs (target/release/deps/bench_liquidity-a3cfe4a2d76f5a0e)
Benchmarking liquidity/remove_liquidity_partial
Benchmarking liquidity/remove_liquidity_partial: Warming up for 2.0000 s
Benchmarking liquidity/remove_liquidity_partial: Collecting 300 samples in estimated 5.0007 s (22M iterations)
Benchmarking liquidity/remove_liquidity_partial: Analyzing
liquidity/remove_liquidity_partial
                        time:   [210.11 ns 212.64 ns 215.43 ns]
                        thrpt:  [4.6420 Melem/s 4.7029 Melem/s 4.7594 Melem/s]
Found 2 outliers among 300 measurements (0.67%)
  2 (0.67%) high mild

     Running benches/bench_swap.rs (target/release/deps/bench_swap-9ff0df3a94c29bb4)
Benchmarking swap/sym_small_f0
Benchmarking swap/sym_small_f0: Warming up for 2.0000 s
Benchmarking swap/sym_small_f0: Collecting 300 samples in estimated 5.0078 s (28M iterations)
Benchmarking swap/sym_small_f0: Analyzing
swap/sym_small_f0       time:   [177.91 ns 181.65 ns 185.74 ns]
                        thrpt:  [5.3839 Melem/s 5.5052 Melem/s 5.6208 Melem/s]
Found 23 outliers among 300 measurements (7.67%)
  17 (5.67%) high mild
  6 (2.00%) high severe
Benchmarking swap/sym_large_f0
Benchmarking swap/sym_large_f0: Warming up for 2.0000 s
Benchmarking swap/sym_large_f0: Collecting 300 samples in estimated 5.0003 s (29M iterations)
Benchmarking swap/sym_large_f0: Analyzing
swap/sym_large_f0       time:   [173.36 ns 175.23 ns 177.25 ns]
                        thrpt:  [5.6417 Melem/s 5.7069 Melem/s 5.7684 Melem/s]
Found 25 outliers among 300 measurements (8.33%)
  17 (5.67%) high mild
  8 (2.67%) high severe
Benchmarking swap/asym_xgg_f0
Benchmarking swap/asym_xgg_f0: Warming up for 2.0000 s
Benchmarking swap/asym_xgg_f0: Collecting 300 samples in estimated 5.0048 s (30M iterations)
Benchmarking swap/asym_xgg_f0: Analyzing
swap/asym_xgg_f0        time:   [169.44 ns 170.59 ns 171.90 ns]
                        thrpt:  [5.8174 Melem/s 5.8621 Melem/s 5.9019 Melem/s]
Found 17 outliers among 300 measurements (5.67%)
  14 (4.67%) high mild
  3 (1.00%) high severe
Benchmarking swap/asym_ygg_f0
Benchmarking swap/asym_ygg_f0: Warming up for 2.0000 s
Benchmarking swap/asym_ygg_f0: Collecting 300 samples in estimated 5.0051 s (29M iterations)
Benchmarking swap/asym_ygg_f0: Analyzing
swap/asym_ygg_f0        time:   [167.95 ns 169.12 ns 170.46 ns]
                        thrpt:  [5.8665 Melem/s 5.9128 Melem/s 5.9541 Melem/s]
Found 25 outliers among 300 measurements (8.33%)
  15 (5.00%) high mild
  10 (3.33%) high severe
Benchmarking swap/sym_small_fee_f300
Benchmarking swap/sym_small_fee_f300: Warming up for 2.0000 s
Benchmarking swap/sym_small_fee_f300: Collecting 300 samples in estimated 5.0027 s (23M iterations)
Benchmarking swap/sym_small_fee_f300: Analyzing
swap/sym_small_fee_f300 time:   [213.31 ns 214.86 ns 216.65 ns]
                        thrpt:  [4.6157 Melem/s 4.6543 Melem/s 4.6880 Melem/s]
Found 26 outliers among 300 measurements (8.67%)
  19 (6.33%) high mild
  7 (2.33%) high severe
Benchmarking swap/asym_xgg_fee_f300
Benchmarking swap/asym_xgg_fee_f300: Warming up for 2.0000 s
Benchmarking swap/asym_xgg_fee_f300: Collecting 300 samples in estimated 5.0037 s (23M iterations)
Benchmarking swap/asym_xgg_fee_f300: Analyzing
swap/asym_xgg_fee_f300  time:   [218.30 ns 221.49 ns 224.89 ns]
                        thrpt:  [4.4466 Melem/s 4.5149 Melem/s 4.5808 Melem/s]
Found 21 outliers among 300 measurements (7.00%)
  14 (4.67%) high mild
  7 (2.33%) high severe

