   Compiling proc-macro2 v1.0.101
   Compiling unicode-ident v1.0.19
   Compiling libc v0.2.175
   Compiling pin-project-lite v0.2.16
   Compiling futures-core v0.3.31
   Compiling stable_deref_trait v1.2.0
   Compiling itoa v1.0.15
   Compiling futures-sink v0.3.31
   Compiling once_cell v1.21.3
   Compiling memchr v2.7.5
   Compiling tracing-core v0.1.34
   Compiling quote v1.0.40
   Compiling mio v1.0.4
   Compiling socket2 v0.6.0
   Compiling syn v2.0.106
   Compiling pin-utils v0.1.0
   Compiling bytes v1.10.1
   Compiling serde_core v1.0.222
   Compiling futures-io v0.3.31
   Compiling fnv v1.0.7
   Compiling slab v0.4.11
   Compiling percent-encoding v2.3.2
   Compiling futures-task v0.3.31
   Compiling smallvec v1.15.1
   Compiling http v1.3.1
   Compiling cfg-if v1.0.3
   Compiling litemap v0.8.0
   Compiling writeable v0.6.1
   Compiling http-body v1.0.1
   Compiling icu_properties_data v2.0.1
   Compiling anyhow v1.0.99
   Compiling getrandom v0.3.3
   Compiling icu_normalizer_data v2.0.0
   Compiling zerocopy v0.8.27
   Compiling synstructure v0.13.2
   Compiling futures-channel v0.3.31
   Compiling thiserror v2.0.16
   Compiling tower-service v0.3.3
   Compiling ryu v1.0.20
   Compiling serde v1.0.222
   Compiling tower-layer v0.3.3
   Compiling httparse v1.10.1
   Compiling rand_core v0.9.3
   Compiling zerofrom-derive v0.1.6
   Compiling yoke-derive v0.8.0
   Compiling zerovec-derive v0.11.1
   Compiling displaydoc v0.2.5
   Compiling tokio-macros v2.5.0
   Compiling tracing-attributes v0.1.30
   Compiling zerofrom v0.1.6
   Compiling yoke v0.8.0
   Compiling zerovec v0.11.4
   Compiling futures-macro v0.3.31
   Compiling tokio v1.47.1
   Compiling futures-util v0.3.31
   Compiling tracing v0.1.41
   Compiling tinystr v0.8.1
   Compiling icu_locale_core v2.0.0
   Compiling potential_utf v0.1.3
   Compiling zerotrie v0.2.2
   Compiling icu_provider v2.0.0
   Compiling icu_collections v2.0.0
   Compiling thiserror-impl v2.0.16
   Compiling icu_normalizer v2.0.0
   Compiling icu_properties v2.0.1
   Compiling ppv-lite86 v0.2.21
   Compiling serde_derive v1.0.222
   Compiling either v1.15.0
   Compiling log v0.4.28
   Compiling try-lock v0.2.5
   Compiling serde_json v1.0.145
   Compiling base64 v0.22.1
   Compiling want v0.3.1
   Compiling itertools v0.10.5
   Compiling rand_chacha v0.9.0
   Compiling idna_adapter v1.2.1
   Compiling opentelemetry v0.29.1
   Compiling tokio-stream v0.1.17
   Compiling http-body-util v0.1.3
   Compiling form_urlencoded v1.2.2
   Compiling sync_wrapper v1.0.2
   Compiling utf8_iter v1.0.4
   Compiling atomic-waker v1.1.2
   Compiling idna v1.1.0
   Compiling hyper v1.7.0
   Compiling tower v0.5.2
   Compiling rand v0.9.2
   Compiling prost-derive v0.13.5
   Compiling futures-executor v0.3.31
   Compiling pin-project-internal v1.1.10
   Compiling async-trait v0.1.89
   Compiling regex-syntax v0.8.6
   Compiling iri-string v0.7.8
   Compiling ipnet v2.11.0
   Compiling glob v0.3.3
   Compiling bitflags v2.9.4
   Compiling opentelemetry_sdk v0.29.0
   Compiling tower-http v0.6.6
   Compiling hyper-util v0.1.17
   Compiling regex-automata v0.4.10
   Compiling pin-project v1.1.10
   Compiling prost v0.13.5
   Compiling url v2.5.7
   Compiling serde_urlencoded v0.7.1
   Compiling crunchy v0.2.4
   Compiling lazy_static v1.5.0
   Compiling sharded-slab v0.1.7
   Compiling reqwest v0.12.23
   Compiling tonic v0.12.3
   Compiling matchers v0.2.0
   Compiling tracing-log v0.2.0
   Compiling thread_local v1.1.9
   Compiling nu-ansi-term v0.50.1
   Compiling opentelemetry-proto v0.29.0
   Compiling tracing-subscriber v0.3.20
   Compiling opentelemetry-http v0.29.0
   Compiling hex v0.4.3
   Compiling static_assertions v1.1.0
   Compiling byteorder v1.5.0
   Compiling uint v0.9.5
   Compiling opentelemetry-otlp v0.29.0
   Compiling tracing-opentelemetry v0.30.0
   Compiling credit-engine-core v0.1.0 (/workspace/trendmarket)
    Finished `release` profile [optimized] target(s) in 1m 26s
