src/amm/types.rs:15:pub const WAD: Wad = 1_000_000_000_000_000_000u128; // 1e18
src/amm/types.rs:16:pub const PPM_SCALE: Ppm = 1_000_000;                // 1e6 (ppm)
src/amm/types.rs:17:pub const MIN_RESERVE: Wad = WAD;                    // 1 unidade inteira (1e-18 do ativo)
src/amm/liquidity.rs:92:    use crate::amm::types::{WAD, MIN_RESERVE};
src/amm/liquidity.rs:96:        let (x, y) = (1_000_000u128*WAD, 1_000_000u128*WAD);
src/amm/liquidity.rs:98:        assert_eq!(s, 1_000_000u128*WAD);
src/amm/liquidity.rs:110:        let (x, y, s) = (1_000_000u128*WAD, 1_000_000u128*WAD, 1_000_000u128*WAD);
src/amm/liquidity.rs:111:        let (dx, dy) = (100_000u128*WAD, 100_000u128*WAD);
src/amm/liquidity.rs:113:        assert_eq!(mint, 100_000u128*WAD);
src/amm/liquidity.rs:118:        let (x, y, s) = (1_000_000u128*WAD, 1_000_000u128*WAD, 1_000_000u128*WAD);
src/amm/liquidity.rs:119:        let (dx, dy) = (200_000u128*WAD, 100_000u128*WAD); // y limita
src/amm/liquidity.rs:121:        assert_eq!(mint, 100_000u128*WAD);
src/amm/liquidity.rs:127:        let (x, y, s) = (1_000_000u128*WAD, 1_000_000u128*WAD, 999_999u128*WAD);
src/amm/liquidity.rs:135:        let (x, y, s) = (1_000_000u128*WAD, 1_000_000u128*WAD, 1_000_000u128*WAD);
src/amm/liquidity.rs:136:        let burn = 100_000u128*WAD; // 10%
src/amm/liquidity.rs:138:        assert_eq!((xo, yo), (100_000u128*WAD, 100_000u128*WAD));
src/amm/liquidity.rs:145:        let (x, y, s) = (2_000_000u128*WAD, 2_000_000u128*WAD, 1_000_000u128*WAD);
src/amm/liquidity.rs:152:        let err = remove_liquidity(1_000_000u128*WAD, 1_000_000u128*WAD, 0, 1_000_000u128*WAD).unwrap_err();
src/amm/liquidity.rs:158:        let (x, y, s) = (MIN_RESERVE + 10, MIN_RESERVE + 10, 1_000_000u128*WAD);
src/amm/liquidity.rs:159:        let err = remove_liquidity(x, y, 999_999u128*WAD, s).unwrap_err();
src/amm/swap.rs:10:use super::types::{Ppm, Wad, MIN_RESERVE, PPM_SCALE, U256};
src/amm/swap.rs:14:    if fee_ppm > PPM_SCALE {
src/amm/swap.rs:32:    let d = U256::from(PPM_SCALE as u64);
src/amm/swap.rs:99:    let denom_ppm = (PPM_SCALE as u64)
src/amm/swap.rs:106:        U256::from(dx_net) * U256::from(PPM_SCALE as u64),
src/amm/swap.rs:175:    use crate::amm::types::{Ppm, MIN_RESERVE, PPM_SCALE, U256, WAD};
src/amm/swap.rs:221:    const FEE_INVALID: Ppm = PPM_SCALE + 1;
src/amm/swap.rs:225:        let (x, y) = (1_000_000u128 * WAD, 1_000_000u128 * WAD);
src/amm/swap.rs:226:        let err_out = get_amount_out(x, y, 10 * WAD, FEE_INVALID).unwrap_err();
src/amm/swap.rs:229:        let err_in = get_amount_in(x, y, 10 * WAD, FEE_INVALID).unwrap_err();
src/amm/swap.rs:235:        let (x, y, dx) = (1_000_000u128 * WAD, 1_000_000u128 * WAD, 10_000u128 * WAD);
src/amm/swap.rs:252:        let (x, y, dx) = (1_000_000u128 * WAD, 1_000_000u128 * WAD, 10_000u128 * WAD);
src/amm/swap.rs:266:        let (x, y, dy) = (1_000_000u128 * WAD, 1_000_000u128 * WAD, 9_870u128 * WAD);
src/amm/swap.rs:279:        let (x, y, dx) = (1_000u128 * WAD, 1_000_000_000u128 * WAD, 100u128 * WAD);
src/amm/swap.rs:292:        let err = get_amount_out(1_000_000u128 * WAD, 1_000_000u128 * WAD, 0, FEE0).unwrap_err();
src/amm/swap.rs:299:        let err = get_amount_out(5_000_000u128 * WAD, 4_000_000u128 * WAD, 1, FEE3).unwrap_err();
src/amm/swap.rs:306:        let x = 1_000_000u128 * WAD;
src/amm/swap.rs:307:        let y = 100u128 * WAD;
src/amm/swap.rs:324:        let x = 2 * WAD;
src/amm/swap.rs:325:        let y = 3 * WAD;
src/amm/swap.rs:338:        let err = get_amount_out(0, 1_000_000u128 * WAD, 10 * WAD, FEE0).unwrap_err();
src/amm/swap.rs:373:        let fee = PPM_SCALE - 1;
src/amm/pricing.rs:9:use super::types::{Ppm, Wad, PPM_SCALE, U256, WAD};
src/amm/pricing.rs:18:/// Preço à vista de 1 X em Y (dy/dx infinitesimal): **p = y/x** (em WAD)
src/amm/pricing.rs:21:    let n = U256::from(y) * U256::from(WAD);
src/amm/pricing.rs:25:/// Preço à vista de 1 Y em X (dx/dy infinitesimal): **p = x/y** (em WAD)
src/amm/pricing.rs:28:    let n = U256::from(x) * U256::from(WAD);
src/amm/pricing.rs:33:/// Preço efetivo (execução) da troca X→Y para um `dx` **bruto** (inclui taxa): **p_exec = out/dx** (em WAD)
src/amm/pricing.rs:39:    let n = U256::from(out) * U256::from(WAD);
src/amm/pricing.rs:47:    let spot = spot_price_x_in_y(x, y)?; // WAD
src/amm/pricing.rs:48:    let exec = execution_price_x_to_y(x, y, dx, fee_ppm)?; // WAD
src/amm/pricing.rs:52:    let num = (U256::from(spot) - U256::from(exec)) * U256::from(PPM_SCALE as u64);
src/amm/pricing.rs:61:    if ppm > PPM_SCALE {
src/amm/pricing.rs:62:        ppm = PPM_SCALE;
src/amm/pricing.rs:79:    let tol = if slippage_tolerance_ppm > PPM_SCALE {
src/amm/pricing.rs:80:        PPM_SCALE
src/amm/pricing.rs:84:    let factor = (PPM_SCALE as u64) - tol; // (1 - tol)
src/amm/pricing.rs:86:    let q = n / U256::from(PPM_SCALE as u64); // floor
src/amm/pricing.rs:102:    let tol = if slippage_tolerance_ppm > PPM_SCALE {
src/amm/pricing.rs:103:        PPM_SCALE
src/amm/pricing.rs:107:    let factor = (PPM_SCALE as u64) + tol; // (1 + tol)
src/amm/pricing.rs:109:    let q = ceil_div_u256(n, U256::from(PPM_SCALE as u64)); // ceil
src/amm/pricing.rs:115:// TESTES (WAD-scaled)
src/amm/pricing.rs:125:    const FEE_INVALID: Ppm = PPM_SCALE + 1;
src/amm/pricing.rs:129:        let (x, y) = (1_000_000u128 * WAD, 1_000_000u128 * WAD);
src/amm/pricing.rs:130:        let dx = 10_000u128 * WAD;
src/amm/pricing.rs:131:        let dy = 9_500u128 * WAD;
src/amm/pricing.rs:148:        let (x, y) = (1_000_000u128 * WAD, 2_000_000u128 * WAD);
src/amm/pricing.rs:151:        assert_eq!(p_xy, 2 * WAD);
src/amm/pricing.rs:152:        assert_eq!(p_yx, WAD / 2);
src/amm/pricing.rs:157:        let (x, y, dx) = (1_000_000u128 * WAD, 1_000_000u128 * WAD, 10_000u128 * WAD);
src/amm/pricing.rs:175:        let (x, y, dx) = (1_000_000u128 * WAD, 1_000_000u128 * WAD, 10_000u128 * WAD);
src/amm/pricing.rs:180:        let factor = (PPM_SCALE as u64) - 5_000u64;
src/amm/pricing.rs:181:        let expected = (U256::from(out) * U256::from(factor)) / U256::from(PPM_SCALE as u64);
src/amm/pricing.rs:188:        let (x, y, dy) = (1_000_000u128 * WAD, 1_000_000u128 * WAD, 9_870u128 * WAD);
src/amm/pricing.rs:193:        let factor = (PPM_SCALE as u64) + 5_000u64;
src/amm/pricing.rs:196:            U256::from(PPM_SCALE as u64),
src/amm/pricing.rs:208:        let err = max_in_with_tolerance(x, y, dy, FEE0, PPM_SCALE).unwrap_err();
src/amm/pricing.rs:214:        let (x, y, dx) = (1_000_000u128 * WAD, 1_000_000u128 * WAD, 10_000u128 * WAD);
src/amm/pricing.rs:217:        let p_exec_check = (U256::from(out) * U256::from(WAD)) / U256::from(dx);
src/amm/pricing.rs:234:        let err_min = min_out_with_tolerance(huge, huge, 2, FEE0, PPM_SCALE).unwrap_err();
src/amm/pricing.rs:241:        let err_max = max_in_with_tolerance(x, y, dy, FEE0, PPM_SCALE).unwrap_err();
