src/amm/types.rs:4:#![allow(clippy::manual_div_ceil, clippy::assign_op_pattern)]
src/amm/guardrails.rs:95:    fn t_u256_div_nearest_even_rounding() {
src/amm/guardrails.rs:115:        let rounded_up = div_nearest_even_u256(almost_max, max).unwrap();
src/amm/guardrails.rs:116:        assert_eq!(rounded_up, one);
src/amm/pricing.rs:13:fn ceil_div_u256(n: U256, d: U256) -> U256 {
src/amm/pricing.rs:69:/// min_out = floor( out * (1 - tol) )
src/amm/pricing.rs:86:    let q = n / U256::from(PPM_SCALE as u64); // floor
src/amm/pricing.rs:92:/// max_in = ceil( dx * (1 + tol) )
src/amm/pricing.rs:109:    let q = ceil_div_u256(n, U256::from(PPM_SCALE as u64)); // ceil
src/amm/pricing.rs:178:        // Esperado = floor( out * (1 - tol) ), usando o out real
src/amm/pricing.rs:191:        // Esperado = ceil( dx_core * (1 + tol) ), usando o dx_core real
src/amm/pricing.rs:194:        let expected = super::ceil_div_u256(
src/amm/swap.rs:21:fn ceil_div_u256(n: U256, d: U256) -> U256 {
src/amm/swap.rs:27:fn fee_on_input_ceil(dx: Wad, fee_ppm: Ppm) -> Result<Wad, AmmError> {
src/amm/swap.rs:33:    let fee_u256 = ceil_div_u256(n, d);
src/amm/swap.rs:39:/// - fee(input): ceil
src/amm/swap.rs:41:/// - fronteira (out): floor via subtração inteira (y - y*)
src/amm/swap.rs:48:    let dx_fee = fee_on_input_ceil(dx, fee_ppm)?;
src/amm/swap.rs:57:    // y* = round_nearest_even((x*y)/x') em 256 bits → u128
src/amm/swap.rs:61:    // out = floor(y - y*)
src/amm/swap.rs:78:/// 1) dx_net = ceil( x * dy / (y - dy) )
src/amm/swap.rs:79:/// 2) dx_gross_guess = ceil( dx_net * 1e6 / (1e6 - fee_ppm) )
src/amm/swap.rs:93:    // dx_net = ceil( x * dy / (y - dy) )
src/amm/swap.rs:96:    let dx_net = u256_to_u128_checked(ceil_div_u256(num, den))?;
src/amm/swap.rs:98:    // dx_gross = ceil( dx_net * 1e6 / (1e6 - fee) )
src/amm/swap.rs:105:    let mut hi = u256_to_u128_checked(ceil_div_u256(
src/amm/swap.rs:255:        let dx_fee = super::fee_on_input_ceil(dx, FEE3).unwrap();
src/amm/swap.rs:304:    fn t_dx_tiny_due_rounding_rejected() {
src/amm/liquidity.rs:3://! - shares_mint: floor
src/amm/liquidity.rs:4://! - amounts_out em burn: floor
src/amm/liquidity.rs:31:/// Mint **inicial** de shares: `floor(sqrt(x*y))`.
src/amm/liquidity.rs:42:/// Mint em pool existente (proporcional). Retorna **shares mintados** (floor).
src/amm/liquidity.rs:43:/// Fórmula: `shares = floor( min(dx * S / x , dy * S / y) )`, onde `S=total_shares`.
src/amm/liquidity.rs:51:    let sx = (U256::from(dx) * s) / U256::from(x); // floor
src/amm/liquidity.rs:63:/// Burn de shares (proporcional). Retorna (amount_x, amount_y) com **floor**.
src/amm/liquidity.rs:64:/// Fórmulas: `x_out = floor(x * burn / S)`, idem para `y`.
src/amm/liquidity.rs:126:        // garante floor=0 reduzindo S ligeiramente abaixo de X (proporção ~0)
